
[1m[46m RUN [49m[22m [36mv4.0.16 [39m[90mC:/Users/Administrator/Desktop/Sub-One[39m

[90mstdout[2m | lib/backend/proxy/proxy.test.ts[2m > [22m[2mProxyUtils.parse[2m > [22m[2mshould parse SS URI
[22m[39m[Sub-One] Parser [URI SS Parser] matched

[90mstdout[2m | lib/backend/proxy/proxy.test.ts[2m > [22m[2mProxyUtils.parse[2m > [22m[2mshould parse VLESS URI with reality
[22m[39m[Sub-One] Parser [URI VLESS Parser] matched

[90mstdout[2m | lib/backend/proxy/proxy.test.ts[2m > [22m[2mProxyUtils.parse[2m > [22m[2mshould parse Snell URI
[22m[39m[Sub-One] Parser [URI Snell Parser] matched

[90mstdout[2m | lib/backend/proxy/proxy.test.ts[2m > [22m[2mProxyUtils.parse[2m > [22m[2mshould parse Hysteria2 URI
[22m[39m[Sub-One] Parser [URI Hysteria2 Parser] matched

[90mstdout[2m | lib/backend/proxy/proxy.test.ts[2m > [22m[2mProxyUtils.parse[2m > [22m[2mshould parse AnyTLS URI
[22m[39m[Sub-One] Parser [URI AnyTLS Parser] matched

 [32m鉁?[39m lib/backend/proxy/proxy.test.ts [2m([22m[2m12 tests[22m[2m)[22m[32m 15[2mms[22m[39m

[2m Test Files [22m [1m[32m1 passed[39m[22m[90m (1)[39m
[2m      Tests [22m [1m[32m12 passed[39m[22m[90m (12)[39m
[2m   Start at [22m 15:47:00
[2m   Duration [22m 733ms[2m (transform 248ms, setup 0ms, import 302ms, tests 15ms, environment 0ms)[22m

