
> sub-one-vue@1.0.0 test
> vitest run real-subscription.test.ts


[1m[46m RUN [49m[22m [36mv4.0.16 [39m[90mC:/Users/Administrator/Desktop/Sub-One[39m

[90mstdout[2m | lib/backend/test/real-subscription.test.ts[2m > [22m[2m鐪熷疄璁㈤槄娴嬭瘯 - SOCKS5 鑺傜偣瑙ｆ瀽鍜岃浆鎹?[2m > [22m[2m搴旇姝ｇ‘瑙ｆ瀽鍜岃浆鎹㈢湡瀹炵殑 SOCKS5 鑺傜偣
[22m[39m
========================================
馃摜 寮€濮嬭В鏋愯闃?========================================

鉁?瑙ｆ瀽瀹屾垚锛屽叡 3 涓妭鐐?
========================================
馃攳 SOCKS5 鑺傜偣鍒嗘瀽
========================================

SOCKS5 鑺傜偣 #1:
  鍚嶇О: 寰峰浗 - 娉曞叞鍏嬬 - WAIcore Ltd - 1
  鏈嶅姟鍣? 193.233.254.7
  绔彛: 1080
  鐢ㄦ埛鍚? Og@193.233.254.7
  瀵嗙爜: @193.233.254.7:
  UDP: true

========================================
馃攳 HTTP 鑺傜偣鍒嗘瀽
========================================

HTTP 鑺傜偣 #1:
  鍚嶇О: HTTP浠ｇ悊娴嬭瘯
  鏈嶅姟鍣? 192.168.1.1
  绔彛: 8080
  鐢ㄦ埛鍚? testuser
  瀵嗙爜: testpass

========================================
馃摛 Loon 鏍煎紡杞崲
========================================

[Proxy]
寰峰浗 - 娉曞叞鍏嬬 - WAIcore Ltd - 1 = socks5, 193.233.254.7, 1080, Og@193.233.254.7, @193.233.254.7:
HTTP浠ｇ悊娴嬭瘯 = http, 192.168.1.1, 8080, testuser, testpass

========================================
馃摛 Surge 鏍煎紡杞崲
========================================

[Proxy]
寰峰浗 - 娉曞叞鍏嬬 - WAIcore Ltd - 1 = socks5, 193.233.254.7, 1080, Og@193.233.254.7, @193.233.254.7:
HTTP浠ｇ悊娴嬭瘯 = http, 192.168.1.1, 8080, testuser, testpass

========================================
馃摛 Quantumult X 鏍煎紡杞崲
========================================

[general]
server_check_url=http://www.gstatic.com/generate_204
dns_server=223.5.5.5, 119.29.29.29, 114.114.114.114

[server_local]
socks5=193.233.254.7:1080, username=Og@193.233.254.7, password=@193.233.254.7:, fast-open=false, udp-relay=true, tag=寰峰浗 - 娉曞叞鍏嬬 - WAIcore Ltd - 1
http=192.168.1.1:8080, username=testuser, password=testpass, fast-open=false, udp-relay=false, tag=HTTP浠ｇ悊娴嬭瘯

 [32m鉁?[39m lib/backend/test/real-subscription.test.ts [2m([22m[2m1 test[22m[2m)[22m[32m 14[2mms[22m[39m

[2m Test Files [22m [1m[32m1 passed[39m[22m[90m (1)[39m
[2m      Tests [22m [1m[32m1 passed[39m[22m[90m (1)[39m
[2m   Start at [22m 00:51:03
[2m   Duration [22m 798ms[2m (transform 160ms, setup 0ms, import 194ms, tests 14ms, environment 0ms)[22m

